// Jest Snapshot v1, https://goo.gl/fbAQLP

exports[`PianoKeyboard snapshots matches snapshot with 2 octaves 1`] = `
<View
  accessibilityLabel="Piano keyboard"
  style={
    [
      {
        "flex": 1,
      },
      {
        "position": "relative",
      },
    ]
  }
>
  <View
    style={
      {
        "flex": 1,
      }
    }
  >
    <View
      pointerEvents="none"
      style={
        {
          "flexDirection": "row",
          "height": 56,
        }
      }
    >
      <View
        style={
          [
            {
              "borderColor": "#000000",
              "borderWidth": 1,
            },
            {
              "alignItems": "center",
              "flex": 1,
              "justifyContent": "center",
              "paddingHorizontal": 12,
            },
            {
              "backgroundColor": "rgba(247,247,247,0.8)",
            },
          ]
        }
      >
        <View
          style={
            {
              "alignItems": "center",
              "flex": 1,
              "flexDirection": "row",
              "justifyContent": "center",
            }
          }
        >
          <View
            style={
              {
                "flex": 1,
              }
            }
          />
          <View
            style={
              {
                "backgroundColor": "#000000",
                "borderRadius": 17,
                "height": 34,
                "width": 34,
              }
            }
          />
        </View>
      </View>
      <View
        style={
          [
            {
              "borderColor": "#000000",
              "borderWidth": 1,
            },
            {
              "alignItems": "center",
              "flex": 1,
              "justifyContent": "center",
              "paddingHorizontal": 12,
            },
            {
              "backgroundColor": "rgba(247,247,247,0.8)",
            },
          ]
        }
      >
        <View
          style={
            {
              "alignItems": "center",
              "flex": 1,
              "flexDirection": "row",
              "justifyContent": "center",
            }
          }
        >
          <View
            style={
              {
                "backgroundColor": "#000000",
                "borderRadius": 17,
                "height": 34,
                "width": 34,
              }
            }
          />
          <View
            style={
              {
                "flex": 1,
              }
            }
          />
        </View>
      </View>
      <View
        style={
          [
            {
              "borderColor": "#000000",
              "borderWidth": 1,
            },
            {
              "alignItems": "center",
              "flex": 1,
              "justifyContent": "center",
              "paddingHorizontal": 12,
            },
            {
              "backgroundColor": "rgba(247,247,247,0.8)",
            },
          ]
        }
      >
        <View
          style={
            {
              "alignItems": "center",
              "flex": 1,
              "flexDirection": "row",
              "justifyContent": "center",
            }
          }
        >
          <View
            style={
              {
                "flex": 1,
              }
            }
          />
          <View
            style={
              {
                "backgroundColor": "#000000",
                "borderRadius": 17,
                "height": 34,
                "width": 34,
              }
            }
          />
        </View>
      </View>
      <View
        style={
          [
            {
              "borderColor": "#000000",
              "borderWidth": 1,
            },
            {
              "alignItems": "center",
              "justifyContent": "center",
              "minWidth": 56,
            },
            {
              "backgroundColor": "rgba(247,247,247,0.8)",
            },
          ]
        }
      >
        <View
          style={
            {
              "alignItems": "center",
              "flex": 1,
              "flexDirection": "row",
              "justifyContent": "center",
            }
          }
        >
          <View
            style={
              {
                "backgroundColor": "#000000",
                "borderRadius": 17,
                "height": 34,
                "width": 34,
              }
            }
          />
        </View>
      </View>
      <View
        style={
          [
            {
              "borderColor": "#000000",
              "borderWidth": 1,
            },
            {
              "alignItems": "center",
              "flex": 1,
              "justifyContent": "center",
              "paddingHorizontal": 12,
            },
            {
              "backgroundColor": "rgba(247,247,247,0.8)",
            },
          ]
        }
      >
        <View
          style={
            {
              "alignItems": "center",
              "flex": 1,
              "flexDirection": "row",
              "justifyContent": "center",
            }
          }
        >
          <View
            style={
              {
                "backgroundColor": "#000000",
                "borderRadius": 17,
                "height": 34,
                "width": 34,
              }
            }
          />
          <View
            style={
              {
                "flex": 1,
              }
            }
          />
        </View>
      </View>
    </View>
    <View
      pointerEvents="none"
      style={
        {
          "flex": 1,
          "flexDirection": "row",
        }
      }
    >
      <View
        style={
          [
            {
              "alignItems": "center",
              "borderColor": "#000000",
              "borderWidth": 1,
              "flex": 1,
              "justifyContent": "flex-end",
              "paddingBottom": 4,
            },
            {
              "backgroundColor": "rgba(247,247,247,0.8)",
            },
          ]
        }
      />
      <View
        style={
          [
            {
              "alignItems": "center",
              "borderColor": "#000000",
              "borderWidth": 1,
              "flex": 1,
              "justifyContent": "flex-end",
              "paddingBottom": 4,
            },
            {
              "backgroundColor": "rgba(247,247,247,0.8)",
            },
          ]
        }
      />
      <View
        style={
          [
            {
              "alignItems": "center",
              "borderColor": "#000000",
              "borderWidth": 1,
              "flex": 1,
              "justifyContent": "flex-end",
              "paddingBottom": 4,
            },
            {
              "backgroundColor": "rgba(247,247,247,0.8)",
            },
          ]
        }
      />
      <View
        style={
          [
            {
              "alignItems": "center",
              "borderColor": "#000000",
              "borderWidth": 1,
              "flex": 1,
              "justifyContent": "flex-end",
              "paddingBottom": 4,
            },
            {
              "backgroundColor": "rgba(247,247,247,0.8)",
            },
          ]
        }
      />
      <View
        style={
          [
            {
              "alignItems": "center",
              "borderColor": "#000000",
              "borderWidth": 1,
              "flex": 1,
              "justifyContent": "flex-end",
              "paddingBottom": 4,
            },
            {
              "backgroundColor": "rgba(247,247,247,0.8)",
            },
          ]
        }
      />
      <View
        style={
          [
            {
              "alignItems": "center",
              "borderColor": "#000000",
              "borderWidth": 1,
              "flex": 1,
              "justifyContent": "flex-end",
              "paddingBottom": 4,
            },
            {
              "backgroundColor": "rgba(247,247,247,0.8)",
            },
          ]
        }
      />
      <View
        style={
          [
            {
              "alignItems": "center",
              "borderColor": "#000000",
              "borderWidth": 1,
              "flex": 1,
              "justifyContent": "flex-end",
              "paddingBottom": 4,
            },
            {
              "backgroundColor": "rgba(247,247,247,0.8)",
            },
          ]
        }
      />
    </View>
  </View>
  <View
    style={
      {
        "flex": 1,
      }
    }
  >
    <View
      pointerEvents="none"
      style={
        {
          "flexDirection": "row",
          "height": 56,
        }
      }
    >
      <View
        style={
          [
            {
              "borderColor": "#000000",
              "borderWidth": 1,
            },
            {
              "alignItems": "center",
              "flex": 1,
              "justifyContent": "center",
              "paddingHorizontal": 12,
            },
            {
              "backgroundColor": "rgba(247,247,247,0.8)",
            },
          ]
        }
      >
        <View
          style={
            {
              "alignItems": "center",
              "flex": 1,
              "flexDirection": "row",
              "justifyContent": "center",
            }
          }
        >
          <View
            style={
              {
                "flex": 1,
              }
            }
          />
          <View
            style={
              {
                "backgroundColor": "#000000",
                "borderRadius": 17,
                "height": 34,
                "width": 34,
              }
            }
          />
        </View>
      </View>
      <View
        style={
          [
            {
              "borderColor": "#000000",
              "borderWidth": 1,
            },
            {
              "alignItems": "center",
              "flex": 1,
              "justifyContent": "center",
              "paddingHorizontal": 12,
            },
            {
              "backgroundColor": "rgba(247,247,247,0.8)",
            },
          ]
        }
      >
        <View
          style={
            {
              "alignItems": "center",
              "flex": 1,
              "flexDirection": "row",
              "justifyContent": "center",
            }
          }
        >
          <View
            style={
              {
                "backgroundColor": "#000000",
                "borderRadius": 17,
                "height": 34,
                "width": 34,
              }
            }
          />
          <View
            style={
              {
                "flex": 1,
              }
            }
          />
        </View>
      </View>
      <View
        style={
          [
            {
              "borderColor": "#000000",
              "borderWidth": 1,
            },
            {
              "alignItems": "center",
              "flex": 1,
              "justifyContent": "center",
              "paddingHorizontal": 12,
            },
            {
              "backgroundColor": "rgba(247,247,247,0.8)",
            },
          ]
        }
      >
        <View
          style={
            {
              "alignItems": "center",
              "flex": 1,
              "flexDirection": "row",
              "justifyContent": "center",
            }
          }
        >
          <View
            style={
              {
                "flex": 1,
              }
            }
          />
          <View
            style={
              {
                "backgroundColor": "#000000",
                "borderRadius": 17,
                "height": 34,
                "width": 34,
              }
            }
          />
        </View>
      </View>
      <View
        style={
          [
            {
              "borderColor": "#000000",
              "borderWidth": 1,
            },
            {
              "alignItems": "center",
              "justifyContent": "center",
              "minWidth": 56,
            },
            {
              "backgroundColor": "rgba(247,247,247,0.8)",
            },
          ]
        }
      >
        <View
          style={
            {
              "alignItems": "center",
              "flex": 1,
              "flexDirection": "row",
              "justifyContent": "center",
            }
          }
        >
          <View
            style={
              {
                "backgroundColor": "#000000",
                "borderRadius": 17,
                "height": 34,
                "width": 34,
              }
            }
          />
        </View>
      </View>
      <View
        style={
          [
            {
              "borderColor": "#000000",
              "borderWidth": 1,
            },
            {
              "alignItems": "center",
              "flex": 1,
              "justifyContent": "center",
              "paddingHorizontal": 12,
            },
            {
              "backgroundColor": "rgba(247,247,247,0.8)",
            },
          ]
        }
      >
        <View
          style={
            {
              "alignItems": "center",
              "flex": 1,
              "flexDirection": "row",
              "justifyContent": "center",
            }
          }
        >
          <View
            style={
              {
                "backgroundColor": "#000000",
                "borderRadius": 17,
                "height": 34,
                "width": 34,
              }
            }
          />
          <View
            style={
              {
                "flex": 1,
              }
            }
          />
        </View>
      </View>
    </View>
    <View
      pointerEvents="none"
      style={
        {
          "flex": 1,
          "flexDirection": "row",
        }
      }
    >
      <View
        style={
          [
            {
              "alignItems": "center",
              "borderColor": "#000000",
              "borderWidth": 1,
              "flex": 1,
              "justifyContent": "flex-end",
              "paddingBottom": 4,
            },
            {
              "backgroundColor": "rgba(247,247,247,0.8)",
            },
          ]
        }
      />
      <View
        style={
          [
            {
              "alignItems": "center",
              "borderColor": "#000000",
              "borderWidth": 1,
              "flex": 1,
              "justifyContent": "flex-end",
              "paddingBottom": 4,
            },
            {
              "backgroundColor": "rgba(247,247,247,0.8)",
            },
          ]
        }
      />
      <View
        style={
          [
            {
              "alignItems": "center",
              "borderColor": "#000000",
              "borderWidth": 1,
              "flex": 1,
              "justifyContent": "flex-end",
              "paddingBottom": 4,
            },
            {
              "backgroundColor": "rgba(247,247,247,0.8)",
            },
          ]
        }
      />
      <View
        style={
          [
            {
              "alignItems": "center",
              "borderColor": "#000000",
              "borderWidth": 1,
              "flex": 1,
              "justifyContent": "flex-end",
              "paddingBottom": 4,
            },
            {
              "backgroundColor": "rgba(247,247,247,0.8)",
            },
          ]
        }
      />
      <View
        style={
          [
            {
              "alignItems": "center",
              "borderColor": "#000000",
              "borderWidth": 1,
              "flex": 1,
              "justifyContent": "flex-end",
              "paddingBottom": 4,
            },
            {
              "backgroundColor": "rgba(247,247,247,0.8)",
            },
          ]
        }
      />
      <View
        style={
          [
            {
              "alignItems": "center",
              "borderColor": "#000000",
              "borderWidth": 1,
              "flex": 1,
              "justifyContent": "flex-end",
              "paddingBottom": 4,
            },
            {
              "backgroundColor": "rgba(247,247,247,0.8)",
            },
          ]
        }
      />
      <View
        style={
          [
            {
              "alignItems": "center",
              "borderColor": "#000000",
              "borderWidth": 1,
              "flex": 1,
              "justifyContent": "flex-end",
              "paddingBottom": 4,
            },
            {
              "backgroundColor": "rgba(247,247,247,0.8)",
            },
          ]
        }
      />
    </View>
  </View>
  <View
    columns={7}
    onPadPress={[Function]}
    onPadRelease={[Function]}
    rows={4}
    style={
      {
        "bottom": 0,
        "left": 0,
        "position": "absolute",
        "right": 0,
        "top": 0,
      }
    }
    testID="MultiTouchOverlay"
  />
</View>
`;

exports[`PianoKeyboard snapshots matches snapshot with custom highlight color 1`] = `
<View
  accessibilityLabel="Piano keyboard"
  style={
    [
      {
        "flex": 1,
      },
      {
        "position": "relative",
      },
    ]
  }
>
  <View
    style={
      {
        "flex": 1,
      }
    }
  >
    <View
      pointerEvents="none"
      style={
        {
          "flexDirection": "row",
          "height": 56,
        }
      }
    >
      <View
        style={
          [
            {
              "borderColor": "#000000",
              "borderWidth": 1,
            },
            {
              "alignItems": "center",
              "flex": 1,
              "justifyContent": "center",
              "paddingHorizontal": 12,
            },
            {
              "backgroundColor": "rgba(247,247,247,0.8)",
            },
          ]
        }
      >
        <View
          style={
            {
              "alignItems": "center",
              "flex": 1,
              "flexDirection": "row",
              "justifyContent": "center",
            }
          }
        >
          <View
            style={
              {
                "flex": 1,
              }
            }
          />
          <View
            style={
              {
                "backgroundColor": "#000000",
                "borderRadius": 17,
                "height": 34,
                "width": 34,
              }
            }
          />
        </View>
      </View>
      <View
        style={
          [
            {
              "borderColor": "#000000",
              "borderWidth": 1,
            },
            {
              "alignItems": "center",
              "flex": 1,
              "justifyContent": "center",
              "paddingHorizontal": 12,
            },
            {
              "backgroundColor": "rgba(247,247,247,0.8)",
            },
          ]
        }
      >
        <View
          style={
            {
              "alignItems": "center",
              "flex": 1,
              "flexDirection": "row",
              "justifyContent": "center",
            }
          }
        >
          <View
            style={
              {
                "backgroundColor": "#000000",
                "borderRadius": 17,
                "height": 34,
                "width": 34,
              }
            }
          />
          <View
            style={
              {
                "flex": 1,
              }
            }
          />
        </View>
      </View>
      <View
        style={
          [
            {
              "borderColor": "#000000",
              "borderWidth": 1,
            },
            {
              "alignItems": "center",
              "flex": 1,
              "justifyContent": "center",
              "paddingHorizontal": 12,
            },
            {
              "backgroundColor": "rgba(247,247,247,0.8)",
            },
          ]
        }
      >
        <View
          style={
            {
              "alignItems": "center",
              "flex": 1,
              "flexDirection": "row",
              "justifyContent": "center",
            }
          }
        >
          <View
            style={
              {
                "flex": 1,
              }
            }
          />
          <View
            style={
              {
                "backgroundColor": "#000000",
                "borderRadius": 17,
                "height": 34,
                "width": 34,
              }
            }
          />
        </View>
      </View>
      <View
        style={
          [
            {
              "borderColor": "#000000",
              "borderWidth": 1,
            },
            {
              "alignItems": "center",
              "justifyContent": "center",
              "minWidth": 56,
            },
            {
              "backgroundColor": "rgba(247,247,247,0.8)",
            },
          ]
        }
      >
        <View
          style={
            {
              "alignItems": "center",
              "flex": 1,
              "flexDirection": "row",
              "justifyContent": "center",
            }
          }
        >
          <View
            style={
              {
                "backgroundColor": "#000000",
                "borderRadius": 17,
                "height": 34,
                "width": 34,
              }
            }
          />
        </View>
      </View>
      <View
        style={
          [
            {
              "borderColor": "#000000",
              "borderWidth": 1,
            },
            {
              "alignItems": "center",
              "flex": 1,
              "justifyContent": "center",
              "paddingHorizontal": 12,
            },
            {
              "backgroundColor": "rgba(247,247,247,0.8)",
            },
          ]
        }
      >
        <View
          style={
            {
              "alignItems": "center",
              "flex": 1,
              "flexDirection": "row",
              "justifyContent": "center",
            }
          }
        >
          <View
            style={
              {
                "backgroundColor": "#000000",
                "borderRadius": 17,
                "height": 34,
                "width": 34,
              }
            }
          />
          <View
            style={
              {
                "flex": 1,
              }
            }
          />
        </View>
      </View>
    </View>
    <View
      pointerEvents="none"
      style={
        {
          "flex": 1,
          "flexDirection": "row",
        }
      }
    >
      <View
        style={
          [
            {
              "alignItems": "center",
              "borderColor": "#000000",
              "borderWidth": 1,
              "flex": 1,
              "justifyContent": "flex-end",
              "paddingBottom": 4,
            },
            {
              "backgroundColor": "rgba(247,247,247,0.8)",
            },
          ]
        }
      >
        <View
          style={
            [
              {
                "alignItems": "center",
                "borderRadius": 4,
                "height": 20,
                "justifyContent": "center",
                "width": 20,
              },
              {
                "backgroundColor": "#FF5C24",
              },
            ]
          }
        >
          <Text
            accessibilityRole="text"
            style={
              [
                {
                  "fontFamily": "System",
                  "fontSize": 8,
                  "fontWeight": "400",
                  "lineHeight": 12,
                },
                {
                  "color": "#FFF",
                },
                {
                  "fontWeight": "700",
                },
                {
                  "fontSize": 10,
                },
              ]
            }
          >
            C
          </Text>
        </View>
      </View>
      <View
        style={
          [
            {
              "alignItems": "center",
              "borderColor": "#000000",
              "borderWidth": 1,
              "flex": 1,
              "justifyContent": "flex-end",
              "paddingBottom": 4,
            },
            {
              "backgroundColor": "rgba(247,247,247,0.8)",
            },
          ]
        }
      >
        <View
          style={
            [
              {
                "alignItems": "center",
                "borderRadius": 4,
                "height": 20,
                "justifyContent": "center",
                "width": 20,
              },
              {
                "backgroundColor": "#2496FF",
              },
            ]
          }
        >
          <Text
            accessibilityRole="text"
            style={
              [
                {
                  "fontFamily": "System",
                  "fontSize": 8,
                  "fontWeight": "400",
                  "lineHeight": 12,
                },
                {
                  "color": "#FFF",
                },
                {
                  "fontWeight": "700",
                },
                {
                  "fontSize": 10,
                },
              ]
            }
          >
            D
          </Text>
        </View>
      </View>
      <View
        style={
          [
            {
              "alignItems": "center",
              "borderColor": "#000000",
              "borderWidth": 1,
              "flex": 1,
              "justifyContent": "flex-end",
              "paddingBottom": 4,
            },
            {
              "backgroundColor": "rgba(247,247,247,0.8)",
            },
          ]
        }
      >
        <View
          style={
            [
              {
                "alignItems": "center",
                "borderRadius": 4,
                "height": 20,
                "justifyContent": "center",
                "width": 20,
              },
              {
                "backgroundColor": "#00FF9E",
              },
            ]
          }
        >
          <Text
            accessibilityRole="text"
            style={
              [
                {
                  "fontFamily": "System",
                  "fontSize": 8,
                  "fontWeight": "400",
                  "lineHeight": 12,
                },
                {
                  "color": "#FFF",
                },
                {
                  "fontWeight": "700",
                },
                {
                  "fontSize": 10,
                },
              ]
            }
          >
            E
          </Text>
        </View>
      </View>
      <View
        style={
          [
            {
              "alignItems": "center",
              "borderColor": "#000000",
              "borderWidth": 1,
              "flex": 1,
              "justifyContent": "flex-end",
              "paddingBottom": 4,
            },
            {
              "backgroundColor": "rgba(247,247,247,0.8)",
            },
          ]
        }
      >
        <View
          style={
            [
              {
                "alignItems": "center",
                "borderRadius": 4,
                "height": 20,
                "justifyContent": "center",
                "width": 20,
              },
              {
                "backgroundColor": "#FF245B",
              },
            ]
          }
        >
          <Text
            accessibilityRole="text"
            style={
              [
                {
                  "fontFamily": "System",
                  "fontSize": 8,
                  "fontWeight": "400",
                  "lineHeight": 12,
                },
                {
                  "color": "#FFF",
                },
                {
                  "fontWeight": "700",
                },
                {
                  "fontSize": 10,
                },
              ]
            }
          >
            F
          </Text>
        </View>
      </View>
      <View
        style={
          [
            {
              "alignItems": "center",
              "borderColor": "#000000",
              "borderWidth": 1,
              "flex": 1,
              "justifyContent": "flex-end",
              "paddingBottom": 4,
            },
            {
              "backgroundColor": "rgba(247,247,247,0.8)",
            },
          ]
        }
      >
        <View
          style={
            [
              {
                "alignItems": "center",
                "borderRadius": 4,
                "height": 20,
                "justifyContent": "center",
                "width": 20,
              },
              {
                "backgroundColor": "#8557FF",
              },
            ]
          }
        >
          <Text
            accessibilityRole="text"
            style={
              [
                {
                  "fontFamily": "System",
                  "fontSize": 8,
                  "fontWeight": "400",
                  "lineHeight": 12,
                },
                {
                  "color": "#FFF",
                },
                {
                  "fontWeight": "700",
                },
                {
                  "fontSize": 10,
                },
              ]
            }
          >
            G
          </Text>
        </View>
      </View>
      <View
        style={
          [
            {
              "alignItems": "center",
              "borderColor": "#000000",
              "borderWidth": 1,
              "flex": 1,
              "justifyContent": "flex-end",
              "paddingBottom": 4,
            },
            {
              "backgroundColor": "rgba(247,247,247,0.8)",
            },
          ]
        }
      >
        <View
          style={
            [
              {
                "alignItems": "center",
                "borderRadius": 4,
                "height": 20,
                "justifyContent": "center",
                "width": 20,
              },
              {
                "backgroundColor": "#FFD33F",
              },
            ]
          }
        >
          <Text
            accessibilityRole="text"
            style={
              [
                {
                  "fontFamily": "System",
                  "fontSize": 8,
                  "fontWeight": "400",
                  "lineHeight": 12,
                },
                {
                  "color": "#FFF",
                },
                {
                  "fontWeight": "700",
                },
                {
                  "fontSize": 10,
                },
              ]
            }
          >
            A
          </Text>
        </View>
      </View>
      <View
        style={
          [
            {
              "alignItems": "center",
              "borderColor": "#000000",
              "borderWidth": 1,
              "flex": 1,
              "justifyContent": "flex-end",
              "paddingBottom": 4,
            },
            {
              "backgroundColor": "rgba(247,247,247,0.8)",
            },
          ]
        }
      >
        <View
          style={
            [
              {
                "alignItems": "center",
                "borderRadius": 4,
                "height": 20,
                "justifyContent": "center",
                "width": 20,
              },
              {
                "backgroundColor": "#2496FF",
              },
            ]
          }
        >
          <Text
            accessibilityRole="text"
            style={
              [
                {
                  "fontFamily": "System",
                  "fontSize": 8,
                  "fontWeight": "400",
                  "lineHeight": 12,
                },
                {
                  "color": "#FFF",
                },
                {
                  "fontWeight": "700",
                },
                {
                  "fontSize": 10,
                },
              ]
            }
          >
            B
          </Text>
        </View>
      </View>
    </View>
  </View>
  <View
    style={
      {
        "flex": 1,
      }
    }
  >
    <View
      pointerEvents="none"
      style={
        {
          "flexDirection": "row",
          "height": 56,
        }
      }
    >
      <View
        style={
          [
            {
              "borderColor": "#000000",
              "borderWidth": 1,
            },
            {
              "alignItems": "center",
              "flex": 1,
              "justifyContent": "center",
              "paddingHorizontal": 12,
            },
            {
              "backgroundColor": "rgba(247,247,247,0.8)",
            },
          ]
        }
      >
        <View
          style={
            {
              "alignItems": "center",
              "flex": 1,
              "flexDirection": "row",
              "justifyContent": "center",
            }
          }
        >
          <View
            style={
              {
                "flex": 1,
              }
            }
          />
          <View
            style={
              {
                "backgroundColor": "#000000",
                "borderRadius": 17,
                "height": 34,
                "width": 34,
              }
            }
          />
        </View>
      </View>
      <View
        style={
          [
            {
              "borderColor": "#000000",
              "borderWidth": 1,
            },
            {
              "alignItems": "center",
              "flex": 1,
              "justifyContent": "center",
              "paddingHorizontal": 12,
            },
            {
              "backgroundColor": "rgba(247,247,247,0.8)",
            },
          ]
        }
      >
        <View
          style={
            {
              "alignItems": "center",
              "flex": 1,
              "flexDirection": "row",
              "justifyContent": "center",
            }
          }
        >
          <View
            style={
              {
                "backgroundColor": "#000000",
                "borderRadius": 17,
                "height": 34,
                "width": 34,
              }
            }
          />
          <View
            style={
              {
                "flex": 1,
              }
            }
          />
        </View>
      </View>
      <View
        style={
          [
            {
              "borderColor": "#000000",
              "borderWidth": 1,
            },
            {
              "alignItems": "center",
              "flex": 1,
              "justifyContent": "center",
              "paddingHorizontal": 12,
            },
            {
              "backgroundColor": "rgba(247,247,247,0.8)",
            },
          ]
        }
      >
        <View
          style={
            {
              "alignItems": "center",
              "flex": 1,
              "flexDirection": "row",
              "justifyContent": "center",
            }
          }
        >
          <View
            style={
              {
                "flex": 1,
              }
            }
          />
          <View
            style={
              {
                "backgroundColor": "#000000",
                "borderRadius": 17,
                "height": 34,
                "width": 34,
              }
            }
          />
        </View>
      </View>
      <View
        style={
          [
            {
              "borderColor": "#000000",
              "borderWidth": 1,
            },
            {
              "alignItems": "center",
              "justifyContent": "center",
              "minWidth": 56,
            },
            {
              "backgroundColor": "rgba(247,247,247,0.8)",
            },
          ]
        }
      >
        <View
          style={
            {
              "alignItems": "center",
              "flex": 1,
              "flexDirection": "row",
              "justifyContent": "center",
            }
          }
        >
          <View
            style={
              {
                "backgroundColor": "#000000",
                "borderRadius": 17,
                "height": 34,
                "width": 34,
              }
            }
          />
        </View>
      </View>
      <View
        style={
          [
            {
              "borderColor": "#000000",
              "borderWidth": 1,
            },
            {
              "alignItems": "center",
              "flex": 1,
              "justifyContent": "center",
              "paddingHorizontal": 12,
            },
            {
              "backgroundColor": "rgba(247,247,247,0.8)",
            },
          ]
        }
      >
        <View
          style={
            {
              "alignItems": "center",
              "flex": 1,
              "flexDirection": "row",
              "justifyContent": "center",
            }
          }
        >
          <View
            style={
              {
                "backgroundColor": "#000000",
                "borderRadius": 17,
                "height": 34,
                "width": 34,
              }
            }
          />
          <View
            style={
              {
                "flex": 1,
              }
            }
          />
        </View>
      </View>
    </View>
    <View
      pointerEvents="none"
      style={
        {
          "flex": 1,
          "flexDirection": "row",
        }
      }
    >
      <View
        style={
          [
            {
              "alignItems": "center",
              "borderColor": "#000000",
              "borderWidth": 1,
              "flex": 1,
              "justifyContent": "flex-end",
              "paddingBottom": 4,
            },
            {
              "backgroundColor": "rgba(247,247,247,0.8)",
            },
          ]
        }
      >
        <View
          style={
            [
              {
                "alignItems": "center",
                "borderRadius": 4,
                "height": 20,
                "justifyContent": "center",
                "width": 20,
              },
              {
                "backgroundColor": "#FF5C24",
              },
            ]
          }
        >
          <Text
            accessibilityRole="text"
            style={
              [
                {
                  "fontFamily": "System",
                  "fontSize": 8,
                  "fontWeight": "400",
                  "lineHeight": 12,
                },
                {
                  "color": "#FFF",
                },
                {
                  "fontWeight": "700",
                },
                {
                  "fontSize": 10,
                },
              ]
            }
          >
            C
          </Text>
        </View>
      </View>
      <View
        style={
          [
            {
              "alignItems": "center",
              "borderColor": "#000000",
              "borderWidth": 1,
              "flex": 1,
              "justifyContent": "flex-end",
              "paddingBottom": 4,
            },
            {
              "backgroundColor": "rgba(247,247,247,0.8)",
            },
          ]
        }
      >
        <View
          style={
            [
              {
                "alignItems": "center",
                "borderRadius": 4,
                "height": 20,
                "justifyContent": "center",
                "width": 20,
              },
              {
                "backgroundColor": "#2496FF",
              },
            ]
          }
        >
          <Text
            accessibilityRole="text"
            style={
              [
                {
                  "fontFamily": "System",
                  "fontSize": 8,
                  "fontWeight": "400",
                  "lineHeight": 12,
                },
                {
                  "color": "#FFF",
                },
                {
                  "fontWeight": "700",
                },
                {
                  "fontSize": 10,
                },
              ]
            }
          >
            D
          </Text>
        </View>
      </View>
      <View
        style={
          [
            {
              "alignItems": "center",
              "borderColor": "#000000",
              "borderWidth": 1,
              "flex": 1,
              "justifyContent": "flex-end",
              "paddingBottom": 4,
            },
            {
              "backgroundColor": "rgba(247,247,247,0.8)",
            },
          ]
        }
      >
        <View
          style={
            [
              {
                "alignItems": "center",
                "borderRadius": 4,
                "height": 20,
                "justifyContent": "center",
                "width": 20,
              },
              {
                "backgroundColor": "#00FF9E",
              },
            ]
          }
        >
          <Text
            accessibilityRole="text"
            style={
              [
                {
                  "fontFamily": "System",
                  "fontSize": 8,
                  "fontWeight": "400",
                  "lineHeight": 12,
                },
                {
                  "color": "#FFF",
                },
                {
                  "fontWeight": "700",
                },
                {
                  "fontSize": 10,
                },
              ]
            }
          >
            E
          </Text>
        </View>
      </View>
      <View
        style={
          [
            {
              "alignItems": "center",
              "borderColor": "#000000",
              "borderWidth": 1,
              "flex": 1,
              "justifyContent": "flex-end",
              "paddingBottom": 4,
            },
            {
              "backgroundColor": "rgba(247,247,247,0.8)",
            },
          ]
        }
      >
        <View
          style={
            [
              {
                "alignItems": "center",
                "borderRadius": 4,
                "height": 20,
                "justifyContent": "center",
                "width": 20,
              },
              {
                "backgroundColor": "#FF245B",
              },
            ]
          }
        >
          <Text
            accessibilityRole="text"
            style={
              [
                {
                  "fontFamily": "System",
                  "fontSize": 8,
                  "fontWeight": "400",
                  "lineHeight": 12,
                },
                {
                  "color": "#FFF",
                },
                {
                  "fontWeight": "700",
                },
                {
                  "fontSize": 10,
                },
              ]
            }
          >
            F
          </Text>
        </View>
      </View>
      <View
        style={
          [
            {
              "alignItems": "center",
              "borderColor": "#000000",
              "borderWidth": 1,
              "flex": 1,
              "justifyContent": "flex-end",
              "paddingBottom": 4,
            },
            {
              "backgroundColor": "rgba(247,247,247,0.8)",
            },
          ]
        }
      >
        <View
          style={
            [
              {
                "alignItems": "center",
                "borderRadius": 4,
                "height": 20,
                "justifyContent": "center",
                "width": 20,
              },
              {
                "backgroundColor": "#8557FF",
              },
            ]
          }
        >
          <Text
            accessibilityRole="text"
            style={
              [
                {
                  "fontFamily": "System",
                  "fontSize": 8,
                  "fontWeight": "400",
                  "lineHeight": 12,
                },
                {
                  "color": "#FFF",
                },
                {
                  "fontWeight": "700",
                },
                {
                  "fontSize": 10,
                },
              ]
            }
          >
            G
          </Text>
        </View>
      </View>
      <View
        style={
          [
            {
              "alignItems": "center",
              "borderColor": "#000000",
              "borderWidth": 1,
              "flex": 1,
              "justifyContent": "flex-end",
              "paddingBottom": 4,
            },
            {
              "backgroundColor": "rgba(247,247,247,0.8)",
            },
          ]
        }
      >
        <View
          style={
            [
              {
                "alignItems": "center",
                "borderRadius": 4,
                "height": 20,
                "justifyContent": "center",
                "width": 20,
              },
              {
                "backgroundColor": "#FFD33F",
              },
            ]
          }
        >
          <Text
            accessibilityRole="text"
            style={
              [
                {
                  "fontFamily": "System",
                  "fontSize": 8,
                  "fontWeight": "400",
                  "lineHeight": 12,
                },
                {
                  "color": "#FFF",
                },
                {
                  "fontWeight": "700",
                },
                {
                  "fontSize": 10,
                },
              ]
            }
          >
            A
          </Text>
        </View>
      </View>
      <View
        style={
          [
            {
              "alignItems": "center",
              "borderColor": "#000000",
              "borderWidth": 1,
              "flex": 1,
              "justifyContent": "flex-end",
              "paddingBottom": 4,
            },
            {
              "backgroundColor": "rgba(247,247,247,0.8)",
            },
          ]
        }
      >
        <View
          style={
            [
              {
                "alignItems": "center",
                "borderRadius": 4,
                "height": 20,
                "justifyContent": "center",
                "width": 20,
              },
              {
                "backgroundColor": "#2496FF",
              },
            ]
          }
        >
          <Text
            accessibilityRole="text"
            style={
              [
                {
                  "fontFamily": "System",
                  "fontSize": 8,
                  "fontWeight": "400",
                  "lineHeight": 12,
                },
                {
                  "color": "#FFF",
                },
                {
                  "fontWeight": "700",
                },
                {
                  "fontSize": 10,
                },
              ]
            }
          >
            B
          </Text>
        </View>
      </View>
    </View>
  </View>
  <View
    columns={7}
    onPadPress={[Function]}
    onPadRelease={[Function]}
    rows={4}
    style={
      {
        "bottom": 0,
        "left": 0,
        "position": "absolute",
        "right": 0,
        "top": 0,
      }
    }
    testID="MultiTouchOverlay"
  />
</View>
`;

exports[`PianoKeyboard snapshots matches snapshot with note names shown 1`] = `
<View
  accessibilityLabel="Piano keyboard"
  style={
    [
      {
        "flex": 1,
      },
      {
        "position": "relative",
      },
    ]
  }
>
  <View
    style={
      {
        "flex": 1,
      }
    }
  >
    <View
      pointerEvents="none"
      style={
        {
          "flexDirection": "row",
          "height": 56,
        }
      }
    >
      <View
        style={
          [
            {
              "borderColor": "#000000",
              "borderWidth": 1,
            },
            {
              "alignItems": "center",
              "flex": 1,
              "justifyContent": "center",
              "paddingHorizontal": 12,
            },
            {
              "backgroundColor": "rgba(247,247,247,0.8)",
            },
          ]
        }
      >
        <View
          style={
            {
              "alignItems": "center",
              "flex": 1,
              "flexDirection": "row",
              "justifyContent": "center",
            }
          }
        >
          <View
            style={
              {
                "flex": 1,
              }
            }
          />
          <View
            style={
              {
                "backgroundColor": "#000000",
                "borderRadius": 17,
                "height": 34,
                "width": 34,
              }
            }
          />
        </View>
      </View>
      <View
        style={
          [
            {
              "borderColor": "#000000",
              "borderWidth": 1,
            },
            {
              "alignItems": "center",
              "flex": 1,
              "justifyContent": "center",
              "paddingHorizontal": 12,
            },
            {
              "backgroundColor": "rgba(247,247,247,0.8)",
            },
          ]
        }
      >
        <View
          style={
            {
              "alignItems": "center",
              "flex": 1,
              "flexDirection": "row",
              "justifyContent": "center",
            }
          }
        >
          <View
            style={
              {
                "backgroundColor": "#000000",
                "borderRadius": 17,
                "height": 34,
                "width": 34,
              }
            }
          />
          <View
            style={
              {
                "flex": 1,
              }
            }
          />
        </View>
      </View>
      <View
        style={
          [
            {
              "borderColor": "#000000",
              "borderWidth": 1,
            },
            {
              "alignItems": "center",
              "flex": 1,
              "justifyContent": "center",
              "paddingHorizontal": 12,
            },
            {
              "backgroundColor": "rgba(247,247,247,0.8)",
            },
          ]
        }
      >
        <View
          style={
            {
              "alignItems": "center",
              "flex": 1,
              "flexDirection": "row",
              "justifyContent": "center",
            }
          }
        >
          <View
            style={
              {
                "flex": 1,
              }
            }
          />
          <View
            style={
              {
                "backgroundColor": "#000000",
                "borderRadius": 17,
                "height": 34,
                "width": 34,
              }
            }
          />
        </View>
      </View>
      <View
        style={
          [
            {
              "borderColor": "#000000",
              "borderWidth": 1,
            },
            {
              "alignItems": "center",
              "justifyContent": "center",
              "minWidth": 56,
            },
            {
              "backgroundColor": "rgba(247,247,247,0.8)",
            },
          ]
        }
      >
        <View
          style={
            {
              "alignItems": "center",
              "flex": 1,
              "flexDirection": "row",
              "justifyContent": "center",
            }
          }
        >
          <View
            style={
              {
                "backgroundColor": "#000000",
                "borderRadius": 17,
                "height": 34,
                "width": 34,
              }
            }
          />
        </View>
      </View>
      <View
        style={
          [
            {
              "borderColor": "#000000",
              "borderWidth": 1,
            },
            {
              "alignItems": "center",
              "flex": 1,
              "justifyContent": "center",
              "paddingHorizontal": 12,
            },
            {
              "backgroundColor": "rgba(247,247,247,0.8)",
            },
          ]
        }
      >
        <View
          style={
            {
              "alignItems": "center",
              "flex": 1,
              "flexDirection": "row",
              "justifyContent": "center",
            }
          }
        >
          <View
            style={
              {
                "backgroundColor": "#000000",
                "borderRadius": 17,
                "height": 34,
                "width": 34,
              }
            }
          />
          <View
            style={
              {
                "flex": 1,
              }
            }
          />
        </View>
      </View>
    </View>
    <View
      pointerEvents="none"
      style={
        {
          "flex": 1,
          "flexDirection": "row",
        }
      }
    >
      <View
        style={
          [
            {
              "alignItems": "center",
              "borderColor": "#000000",
              "borderWidth": 1,
              "flex": 1,
              "justifyContent": "flex-end",
              "paddingBottom": 4,
            },
            {
              "backgroundColor": "rgba(247,247,247,0.8)",
            },
          ]
        }
      >
        <View
          style={
            [
              {
                "alignItems": "center",
                "borderRadius": 4,
                "height": 20,
                "justifyContent": "center",
                "width": 20,
              },
              {
                "backgroundColor": "#FF5C24",
              },
            ]
          }
        >
          <Text
            accessibilityRole="text"
            style={
              [
                {
                  "fontFamily": "System",
                  "fontSize": 8,
                  "fontWeight": "400",
                  "lineHeight": 12,
                },
                {
                  "color": "#FFF",
                },
                {
                  "fontWeight": "700",
                },
                {
                  "fontSize": 10,
                },
              ]
            }
          >
            C
          </Text>
        </View>
      </View>
      <View
        style={
          [
            {
              "alignItems": "center",
              "borderColor": "#000000",
              "borderWidth": 1,
              "flex": 1,
              "justifyContent": "flex-end",
              "paddingBottom": 4,
            },
            {
              "backgroundColor": "rgba(247,247,247,0.8)",
            },
          ]
        }
      >
        <View
          style={
            [
              {
                "alignItems": "center",
                "borderRadius": 4,
                "height": 20,
                "justifyContent": "center",
                "width": 20,
              },
              {
                "backgroundColor": "#2496FF",
              },
            ]
          }
        >
          <Text
            accessibilityRole="text"
            style={
              [
                {
                  "fontFamily": "System",
                  "fontSize": 8,
                  "fontWeight": "400",
                  "lineHeight": 12,
                },
                {
                  "color": "#FFF",
                },
                {
                  "fontWeight": "700",
                },
                {
                  "fontSize": 10,
                },
              ]
            }
          >
            D
          </Text>
        </View>
      </View>
      <View
        style={
          [
            {
              "alignItems": "center",
              "borderColor": "#000000",
              "borderWidth": 1,
              "flex": 1,
              "justifyContent": "flex-end",
              "paddingBottom": 4,
            },
            {
              "backgroundColor": "rgba(247,247,247,0.8)",
            },
          ]
        }
      >
        <View
          style={
            [
              {
                "alignItems": "center",
                "borderRadius": 4,
                "height": 20,
                "justifyContent": "center",
                "width": 20,
              },
              {
                "backgroundColor": "#00FF9E",
              },
            ]
          }
        >
          <Text
            accessibilityRole="text"
            style={
              [
                {
                  "fontFamily": "System",
                  "fontSize": 8,
                  "fontWeight": "400",
                  "lineHeight": 12,
                },
                {
                  "color": "#FFF",
                },
                {
                  "fontWeight": "700",
                },
                {
                  "fontSize": 10,
                },
              ]
            }
          >
            E
          </Text>
        </View>
      </View>
      <View
        style={
          [
            {
              "alignItems": "center",
              "borderColor": "#000000",
              "borderWidth": 1,
              "flex": 1,
              "justifyContent": "flex-end",
              "paddingBottom": 4,
            },
            {
              "backgroundColor": "rgba(247,247,247,0.8)",
            },
          ]
        }
      >
        <View
          style={
            [
              {
                "alignItems": "center",
                "borderRadius": 4,
                "height": 20,
                "justifyContent": "center",
                "width": 20,
              },
              {
                "backgroundColor": "#FF245B",
              },
            ]
          }
        >
          <Text
            accessibilityRole="text"
            style={
              [
                {
                  "fontFamily": "System",
                  "fontSize": 8,
                  "fontWeight": "400",
                  "lineHeight": 12,
                },
                {
                  "color": "#FFF",
                },
                {
                  "fontWeight": "700",
                },
                {
                  "fontSize": 10,
                },
              ]
            }
          >
            F
          </Text>
        </View>
      </View>
      <View
        style={
          [
            {
              "alignItems": "center",
              "borderColor": "#000000",
              "borderWidth": 1,
              "flex": 1,
              "justifyContent": "flex-end",
              "paddingBottom": 4,
            },
            {
              "backgroundColor": "rgba(247,247,247,0.8)",
            },
          ]
        }
      >
        <View
          style={
            [
              {
                "alignItems": "center",
                "borderRadius": 4,
                "height": 20,
                "justifyContent": "center",
                "width": 20,
              },
              {
                "backgroundColor": "#8557FF",
              },
            ]
          }
        >
          <Text
            accessibilityRole="text"
            style={
              [
                {
                  "fontFamily": "System",
                  "fontSize": 8,
                  "fontWeight": "400",
                  "lineHeight": 12,
                },
                {
                  "color": "#FFF",
                },
                {
                  "fontWeight": "700",
                },
                {
                  "fontSize": 10,
                },
              ]
            }
          >
            G
          </Text>
        </View>
      </View>
      <View
        style={
          [
            {
              "alignItems": "center",
              "borderColor": "#000000",
              "borderWidth": 1,
              "flex": 1,
              "justifyContent": "flex-end",
              "paddingBottom": 4,
            },
            {
              "backgroundColor": "rgba(247,247,247,0.8)",
            },
          ]
        }
      >
        <View
          style={
            [
              {
                "alignItems": "center",
                "borderRadius": 4,
                "height": 20,
                "justifyContent": "center",
                "width": 20,
              },
              {
                "backgroundColor": "#FFD33F",
              },
            ]
          }
        >
          <Text
            accessibilityRole="text"
            style={
              [
                {
                  "fontFamily": "System",
                  "fontSize": 8,
                  "fontWeight": "400",
                  "lineHeight": 12,
                },
                {
                  "color": "#FFF",
                },
                {
                  "fontWeight": "700",
                },
                {
                  "fontSize": 10,
                },
              ]
            }
          >
            A
          </Text>
        </View>
      </View>
      <View
        style={
          [
            {
              "alignItems": "center",
              "borderColor": "#000000",
              "borderWidth": 1,
              "flex": 1,
              "justifyContent": "flex-end",
              "paddingBottom": 4,
            },
            {
              "backgroundColor": "rgba(247,247,247,0.8)",
            },
          ]
        }
      >
        <View
          style={
            [
              {
                "alignItems": "center",
                "borderRadius": 4,
                "height": 20,
                "justifyContent": "center",
                "width": 20,
              },
              {
                "backgroundColor": "#2496FF",
              },
            ]
          }
        >
          <Text
            accessibilityRole="text"
            style={
              [
                {
                  "fontFamily": "System",
                  "fontSize": 8,
                  "fontWeight": "400",
                  "lineHeight": 12,
                },
                {
                  "color": "#FFF",
                },
                {
                  "fontWeight": "700",
                },
                {
                  "fontSize": 10,
                },
              ]
            }
          >
            B
          </Text>
        </View>
      </View>
    </View>
  </View>
  <View
    columns={7}
    onPadPress={[Function]}
    onPadRelease={[Function]}
    rows={2}
    style={
      {
        "bottom": 0,
        "left": 0,
        "position": "absolute",
        "right": 0,
        "top": 0,
      }
    }
    testID="MultiTouchOverlay"
  />
</View>
`;
